
    _   _____ ___
   / \ |_   _|_ _|
  / _ \  | |  | |
 / ___ \ | |  | |
/_/   \_\|_| |___|

AgenticThreatIntelligence 
Intelligent Threat Analysis System
Ollama Local Edition | Offline Mode

  Model: qwen2.5:7b @ http://localhost:11555
  Báo cáo sẽ lưu tại: D:\ATI-AgenticThreatIntelligence\ATI-AgenticThreatIntelligence\reports

 Kiểm tra kết nối Ollama...
 Ollama sẵn sàng (model: qwen2.5:7b)


+--------------------------------------------------------------+
|                           MENU                               |
+--------------------------------------------------------------+
|  1. Quét CVE và tìm thiết bị ảnh hưởng                       |
|  2. Tạo báo cáo                                              |
|  3. Upload / xử lý tài liệu nội bộ                           |
|  4. Chat với ATI BOT                                         |
|  0. Thoát                                                    |
+--------------------------------------------------------------+

Chọn (0-4): Traceback (most recent call last):
  File "D:\ATI-AgenticThreatIntelligence\ATI-AgenticThreatIntelligence\main.py", line 821, in <module>
    main()
  File "D:\ATI-AgenticThreatIntelligence\ATI-AgenticThreatIntelligence\main.py", line 817, in main
    interactive_mode()
  File "D:\ATI-AgenticThreatIntelligence\ATI-AgenticThreatIntelligence\main.py", line 693, in interactive_mode
    choice = input("Chọn (0-4): ").strip()
             ^^^^^^^^^^^^^^^^^^^^^
EOFError: EOF when reading a line
